
<!DOCTYPE html>
<html>
<head>
    <meta charset="UTF-8" />
    <link rel="stylesheet" type="text/css" href="ftldoc.css" />
    <title>FtlDoc test - Overview</title>
</head>
<body>

<nav>
    <ul>
        <li><a href="index.html">Overview</a></li>
        <li><a href="index-all-cat.html">Index (categorical)</a></li>
        <li><a href="index-all-alpha.html">Index (alphabetical)</a></li>
    </ul>
    
    <h6>Macro Libraries</h6>
    <ul>
    
        <li><a href="simple_test.ftl.html">simple_test.ftl</a></li>
    
    </ul>

</nav>

<main>
<h1>FtlDoc test - Overview</h1>
This is a example readme file on HTML.

</main>
</body>
</html>
